Running: /opt/Xilinx/14.7/ISE_DS/ISE/bin/lin64/unwrapped/fuse -intstyle ise -incremental -lib secureip -o /home/ise/VLSI_projects/Project/register_8_bit/register_tb_8bit_isim_beh.exe -prj /home/ise/VLSI_projects/Project/register_8_bit/register_tb_8bit_beh.prj work.register_tb_8bit 
ISim P.20131013 (signature 0xfbc00daa)
Number of CPUs detected in this system: 1
Turning on mult-threading, number of parallel sub-compilation jobs: 0 
Determining compilation order of HDL files
Parsing VHDL file "/home/ise/VLSI_projects/Project/register_8_bit/register_8_bit.vhd" into library work
Parsing VHDL file "/home/ise/VLSI_projects/Project/register_8_bit/register_tb_8bit.vhd" into library work
Starting static elaboration
Completed static elaboration
Fuse Memory Usage: 95312 KB
Fuse CPU Usage: 1970 ms
Compiling package standard
Compiling package std_logic_1164
Compiling architecture behavioral of entity register_8bit [register_8bit_default]
Compiling architecture behavioral of entity register_tb_8bit
Time Resolution for simulation is 1ps.
Compiled 5 VHDL Units
Built simulation executable /home/ise/VLSI_projects/Project/register_8_bit/register_tb_8bit_isim_beh.exe
Fuse Memory Usage: 103956 KB
Fuse CPU Usage: 2020 ms
GCC CPU Usage: 540 ms
