--------------------------------------------------------------------------------
Release 14.7 Trace  (lin64)
Copyright (c) 1995-2013 Xilinx, Inc.  All rights reserved.

/opt/Xilinx/14.7/ISE_DS/ISE/bin/lin64/unwrapped/trce -intstyle ise -v 3 -s 2 -n
3 -fastpaths -xml register_8bit.twx register_8bit.ncd -o register_8bit.twr
register_8bit.pcf

Design file:              register_8bit.ncd
Physical constraint file: register_8bit.pcf
Device,package,speed:     xc6vcx75t,ff484,C,-2 (PRODUCTION 1.11 2013-10-13)
Report level:             verbose report

Environment Variable      Effect 
--------------------      ------ 
NONE                      No environment variables were set
--------------------------------------------------------------------------------

INFO:Timing:2698 - No timing constraints found, doing default enumeration.
INFO:Timing:3412 - To improve timing, see the Timing Closure User Guide (UG612).
INFO:Timing:2752 - To get complete path coverage, use the unconstrained paths 
   option. All paths that are not constrained will be reported in the 
   unconstrained paths section(s) of the report.
INFO:Timing:3339 - The clock-to-out numbers in this timing report are based on 
   a 50 Ohm transmission line loading model.  For the details of this model, 
   and for more information on accounting for different loading conditions, 
   please see the device datasheet.



Data Sheet report:
-----------------
All values displayed in nanoseconds (ns)

Setup/Hold to clock CLK
------------+------------+------------+------------+------------+------------------+--------+
            |Max Setup to|  Process   |Max Hold to |  Process   |                  | Clock  |
Source      | clk (edge) |   Corner   | clk (edge) |   Corner   |Internal Clock(s) | Phase  |
------------+------------+------------+------------+------------+------------------+--------+
D<0>        |    1.722(R)|      SLOW  |   -0.134(R)|      FAST  |CLK_BUFGP         |   0.000|
D<1>        |    1.697(R)|      SLOW  |   -0.112(R)|      FAST  |CLK_BUFGP         |   0.000|
D<2>        |    1.680(R)|      SLOW  |   -0.094(R)|      FAST  |CLK_BUFGP         |   0.000|
D<3>        |    1.683(R)|      SLOW  |   -0.097(R)|      FAST  |CLK_BUFGP         |   0.000|
D<4>        |    1.700(R)|      SLOW  |   -0.104(R)|      FAST  |CLK_BUFGP         |   0.000|
D<5>        |    1.695(R)|      SLOW  |   -0.099(R)|      FAST  |CLK_BUFGP         |   0.000|
D<6>        |    1.717(R)|      SLOW  |   -0.134(R)|      FAST  |CLK_BUFGP         |   0.000|
D<7>        |    1.716(R)|      SLOW  |   -0.133(R)|      FAST  |CLK_BUFGP         |   0.000|
LOAD        |    0.585(R)|      SLOW  |    2.052(R)|      SLOW  |CLK_BUFGP         |   0.000|
RESET       |    0.955(R)|      SLOW  |    1.715(R)|      SLOW  |CLK_BUFGP         |   0.000|
------------+------------+------------+------------+------------+------------------+--------+

Clock CLK to Pad
------------+-----------------+------------+-----------------+------------+------------------+--------+
            |Max (slowest) clk|  Process   |Min (fastest) clk|  Process   |                  | Clock  |
Destination |  (edge) to PAD  |   Corner   |  (edge) to PAD  |   Corner   |Internal Clock(s) | Phase  |
------------+-----------------+------------+-----------------+------------+------------------+--------+
Q<0>        |         7.294(R)|      SLOW  |         3.011(R)|      FAST  |CLK_BUFGP         |   0.000|
Q<1>        |         7.283(R)|      SLOW  |         3.002(R)|      FAST  |CLK_BUFGP         |   0.000|
Q<2>        |         8.774(R)|      SLOW  |         3.824(R)|      FAST  |CLK_BUFGP         |   0.000|
Q<3>        |         8.673(R)|      SLOW  |         3.791(R)|      FAST  |CLK_BUFGP         |   0.000|
Q<4>        |         8.669(R)|      SLOW  |         3.797(R)|      FAST  |CLK_BUFGP         |   0.000|
Q<5>        |         8.679(R)|      SLOW  |         3.805(R)|      FAST  |CLK_BUFGP         |   0.000|
Q<6>        |         7.322(R)|      SLOW  |         3.030(R)|      FAST  |CLK_BUFGP         |   0.000|
Q<7>        |         7.303(R)|      SLOW  |         3.014(R)|      FAST  |CLK_BUFGP         |   0.000|
------------+-----------------+------------+-----------------+------------+------------------+--------+


Analysis completed Sat Oct  3 06:48:10 2026 
--------------------------------------------------------------------------------

Trace Settings:
-------------------------
Trace Settings 

Peak Memory Usage: 587 MB



