--------------------------------------------------------------------------------
Release 14.7 Trace  (lin64)
Copyright (c) 1995-2013 Xilinx, Inc.  All rights reserved.

/opt/Xilinx/14.7/ISE_DS/ISE/bin/lin64/unwrapped/trce -intstyle ise -v 3 -s 2 -n
3 -fastpaths -xml full_adder_8bit.twx full_adder_8bit.ncd -o
full_adder_8bit.twr full_adder_8bit.pcf

Design file:              full_adder_8bit.ncd
Physical constraint file: full_adder_8bit.pcf
Device,package,speed:     xc6vcx75t,ff484,C,-2 (PRODUCTION 1.11 2013-10-13)
Report level:             verbose report

Environment Variable      Effect 
--------------------      ------ 
NONE                      No environment variables were set
--------------------------------------------------------------------------------

INFO:Timing:2698 - No timing constraints found, doing default enumeration.
INFO:Timing:3412 - To improve timing, see the Timing Closure User Guide (UG612).
INFO:Timing:2752 - To get complete path coverage, use the unconstrained paths 
   option. All paths that are not constrained will be reported in the 
   unconstrained paths section(s) of the report.
INFO:Timing:3339 - The clock-to-out numbers in this timing report are based on 
   a 50 Ohm transmission line loading model.  For the details of this model, 
   and for more information on accounting for different loading conditions, 
   please see the device datasheet.



Data Sheet report:
-----------------
All values displayed in nanoseconds (ns)

Pad to Pad
---------------+---------------+---------+
Source Pad     |Destination Pad|  Delay  |
---------------+---------------+---------+
A<0>           |COUT           |    7.714|
A<0>           |SUM<0>         |    5.440|
A<0>           |SUM<1>         |    5.778|
A<0>           |SUM<2>         |    6.083|
A<0>           |SUM<3>         |    6.361|
A<0>           |SUM<4>         |    7.101|
A<0>           |SUM<5>         |    7.052|
A<0>           |SUM<6>         |    7.506|
A<0>           |SUM<7>         |    7.734|
A<1>           |COUT           |    7.660|
A<1>           |SUM<1>         |    5.724|
A<1>           |SUM<2>         |    6.029|
A<1>           |SUM<3>         |    6.307|
A<1>           |SUM<4>         |    7.047|
A<1>           |SUM<5>         |    6.998|
A<1>           |SUM<6>         |    7.452|
A<1>           |SUM<7>         |    7.680|
A<2>           |COUT           |    7.453|
A<2>           |SUM<2>         |    5.738|
A<2>           |SUM<3>         |    6.100|
A<2>           |SUM<4>         |    6.840|
A<2>           |SUM<5>         |    6.791|
A<2>           |SUM<6>         |    7.245|
A<2>           |SUM<7>         |    7.473|
A<3>           |COUT           |    7.379|
A<3>           |SUM<3>         |    6.021|
A<3>           |SUM<4>         |    6.766|
A<3>           |SUM<5>         |    6.717|
A<3>           |SUM<6>         |    7.171|
A<3>           |SUM<7>         |    7.399|
A<4>           |COUT           |    6.761|
A<4>           |SUM<4>         |    5.681|
A<4>           |SUM<5>         |    6.109|
A<4>           |SUM<6>         |    6.553|
A<4>           |SUM<7>         |    6.781|
A<5>           |COUT           |    6.479|
A<5>           |SUM<5>         |    5.827|
A<5>           |SUM<6>         |    6.271|
A<5>           |SUM<7>         |    6.499|
A<6>           |COUT           |    5.981|
A<6>           |SUM<6>         |    5.635|
A<6>           |SUM<7>         |    5.988|
A<7>           |COUT           |    5.875|
A<7>           |SUM<7>         |    5.887|
B<0>           |COUT           |    8.038|
B<0>           |SUM<0>         |    5.492|
B<0>           |SUM<1>         |    6.092|
B<0>           |SUM<2>         |    6.407|
B<0>           |SUM<3>         |    6.685|
B<0>           |SUM<4>         |    7.425|
B<0>           |SUM<5>         |    7.376|
B<0>           |SUM<6>         |    7.830|
B<0>           |SUM<7>         |    8.058|
B<1>           |COUT           |    8.083|
B<1>           |SUM<1>         |    6.148|
B<1>           |SUM<2>         |    6.452|
B<1>           |SUM<3>         |    6.730|
B<1>           |SUM<4>         |    7.470|
B<1>           |SUM<5>         |    7.421|
B<1>           |SUM<6>         |    7.875|
B<1>           |SUM<7>         |    8.103|
B<2>           |COUT           |    7.074|
B<2>           |SUM<2>         |    5.355|
B<2>           |SUM<3>         |    5.721|
B<2>           |SUM<4>         |    6.461|
B<2>           |SUM<5>         |    6.412|
B<2>           |SUM<6>         |    6.866|
B<2>           |SUM<7>         |    7.094|
B<3>           |COUT           |    7.136|
B<3>           |SUM<3>         |    5.771|
B<3>           |SUM<4>         |    6.523|
B<3>           |SUM<5>         |    6.474|
B<3>           |SUM<6>         |    6.928|
B<3>           |SUM<7>         |    7.156|
B<4>           |COUT           |    6.726|
B<4>           |SUM<4>         |    5.843|
B<4>           |SUM<5>         |    6.075|
B<4>           |SUM<6>         |    6.518|
B<4>           |SUM<7>         |    6.746|
B<5>           |COUT           |    6.386|
B<5>           |SUM<5>         |    5.729|
B<5>           |SUM<6>         |    6.178|
B<5>           |SUM<7>         |    6.406|
B<6>           |COUT           |    6.032|
B<6>           |SUM<6>         |    5.808|
B<6>           |SUM<7>         |    6.052|
B<7>           |COUT           |    5.414|
B<7>           |SUM<7>         |    5.433|
CIN            |COUT           |    7.776|
CIN            |SUM<0>         |    5.592|
CIN            |SUM<1>         |    5.835|
CIN            |SUM<2>         |    6.145|
CIN            |SUM<3>         |    6.423|
CIN            |SUM<4>         |    7.163|
CIN            |SUM<5>         |    7.114|
CIN            |SUM<6>         |    7.568|
CIN            |SUM<7>         |    7.796|
---------------+---------------+---------+


Analysis completed Wed Sep 30 20:31:58 2026 
--------------------------------------------------------------------------------

Trace Settings:
-------------------------
Trace Settings 

Peak Memory Usage: 588 MB



