--------------------------------------------------------------------------------
Release 14.7 Trace  (lin64)
Copyright (c) 1995-2013 Xilinx, Inc.  All rights reserved.

/opt/Xilinx/14.7/ISE_DS/ISE/bin/lin64/unwrapped/trce -intstyle ise -v 3 -s 2 -n
3 -fastpaths -xml accumulator_4bit.twx accumulator_4bit.ncd -o
accumulator_4bit.twr accumulator_4bit.pcf

Design file:              accumulator_4bit.ncd
Physical constraint file: accumulator_4bit.pcf
Device,package,speed:     xc6vcx75t,ff484,C,-2 (PRODUCTION 1.11 2013-10-13)
Report level:             verbose report

Environment Variable      Effect 
--------------------      ------ 
NONE                      No environment variables were set
--------------------------------------------------------------------------------

INFO:Timing:2698 - No timing constraints found, doing default enumeration.
INFO:Timing:3412 - To improve timing, see the Timing Closure User Guide (UG612).
INFO:Timing:2752 - To get complete path coverage, use the unconstrained paths 
   option. All paths that are not constrained will be reported in the 
   unconstrained paths section(s) of the report.
INFO:Timing:3339 - The clock-to-out numbers in this timing report are based on 
   a 50 Ohm transmission line loading model.  For the details of this model, 
   and for more information on accounting for different loading conditions, 
   please see the device datasheet.



Data Sheet report:
-----------------
All values displayed in nanoseconds (ns)

Setup/Hold to clock CLK
------------+------------+------------+------------+------------+------------------+--------+
            |Max Setup to|  Process   |Max Hold to |  Process   |                  | Clock  |
Source      | clk (edge) |   Corner   | clk (edge) |   Corner   |Internal Clock(s) | Phase  |
------------+------------+------------+------------+------------+------------------+--------+
A<0>        |    0.117(R)|      FAST  |    1.140(R)|      SLOW  |CLK_BUFGP         |   0.000|
A<1>        |   -0.029(R)|      FAST  |    1.045(R)|      SLOW  |CLK_BUFGP         |   0.000|
A<2>        |   -0.085(R)|      FAST  |    1.106(R)|      SLOW  |CLK_BUFGP         |   0.000|
A<3>        |   -0.131(R)|      FAST  |    1.130(R)|      SLOW  |CLK_BUFGP         |   0.000|
B<0>        |    0.158(R)|      SLOW  |    0.889(R)|      SLOW  |CLK_BUFGP         |   0.000|
B<1>        |    0.018(R)|      FAST  |    1.076(R)|      SLOW  |CLK_BUFGP         |   0.000|
B<2>        |    0.179(R)|      SLOW  |    0.881(R)|      SLOW  |CLK_BUFGP         |   0.000|
B<3>        |   -0.082(R)|      FAST  |    1.014(R)|      SLOW  |CLK_BUFGP         |   0.000|
RESET       |   -0.138(R)|      FAST  |    1.491(R)|      SLOW  |CLK_BUFGP         |   0.000|
------------+------------+------------+------------+------------+------------------+--------+

Clock CLK to Pad
------------+-----------------+------------+-----------------+------------+------------------+--------+
            |Max (slowest) clk|  Process   |Min (fastest) clk|  Process   |                  | Clock  |
Destination |  (edge) to PAD  |   Corner   |  (edge) to PAD  |   Corner   |Internal Clock(s) | Phase  |
------------+-----------------+------------+-----------------+------------+------------------+--------+
Q<0>        |         5.956(R)|      SLOW  |         2.572(R)|      FAST  |CLK_BUFGP         |   0.000|
Q<1>        |         5.975(R)|      SLOW  |         2.589(R)|      FAST  |CLK_BUFGP         |   0.000|
Q<2>        |         5.976(R)|      SLOW  |         2.590(R)|      FAST  |CLK_BUFGP         |   0.000|
Q<3>        |         5.900(R)|      SLOW  |         2.525(R)|      FAST  |CLK_BUFGP         |   0.000|
------------+-----------------+------------+-----------------+------------+------------------+--------+


Analysis completed Sat Oct  3 08:39:19 2026 
--------------------------------------------------------------------------------

Trace Settings:
-------------------------
Trace Settings 

Peak Memory Usage: 588 MB



