--------------------------------------------------------------------------------
Release 14.7 Trace  (lin64)
Copyright (c) 1995-2013 Xilinx, Inc.  All rights reserved.

/opt/Xilinx/14.7/ISE_DS/ISE/bin/lin64/unwrapped/trce -intstyle ise -v 3 -s 2 -n
3 -fastpaths -xml adder_4bit.twx adder_4bit.ncd -o adder_4bit.twr
adder_4bit.pcf

Design file:              adder_4bit.ncd
Physical constraint file: adder_4bit.pcf
Device,package,speed:     xc6vcx75t,ff484,C,-2 (PRODUCTION 1.11 2013-10-13)
Report level:             verbose report

Environment Variable      Effect 
--------------------      ------ 
NONE                      No environment variables were set
--------------------------------------------------------------------------------

INFO:Timing:2698 - No timing constraints found, doing default enumeration.
INFO:Timing:3412 - To improve timing, see the Timing Closure User Guide (UG612).
INFO:Timing:2752 - To get complete path coverage, use the unconstrained paths 
   option. All paths that are not constrained will be reported in the 
   unconstrained paths section(s) of the report.
INFO:Timing:3339 - The clock-to-out numbers in this timing report are based on 
   a 50 Ohm transmission line loading model.  For the details of this model, 
   and for more information on accounting for different loading conditions, 
   please see the device datasheet.



Data Sheet report:
-----------------
All values displayed in nanoseconds (ns)

Pad to Pad
---------------+---------------+---------+
Source Pad     |Destination Pad|  Delay  |
---------------+---------------+---------+
A<0>           |SUM<0>         |    5.539|
A<0>           |SUM<1>         |    5.503|
A<0>           |SUM<2>         |    4.935|
A<0>           |SUM<3>         |    5.743|
A<1>           |SUM<1>         |    5.659|
A<1>           |SUM<2>         |    4.858|
A<1>           |SUM<3>         |    5.893|
A<2>           |SUM<2>         |    5.392|
A<2>           |SUM<3>         |    5.442|
A<3>           |SUM<3>         |    5.211|
B<0>           |SUM<0>         |    5.339|
B<0>           |SUM<1>         |    5.300|
B<0>           |SUM<2>         |    4.912|
B<0>           |SUM<3>         |    5.539|
B<1>           |SUM<1>         |    5.365|
B<1>           |SUM<2>         |    5.610|
B<1>           |SUM<3>         |    5.599|
B<2>           |SUM<2>         |    5.084|
B<2>           |SUM<3>         |    5.343|
B<3>           |SUM<3>         |    5.438|
---------------+---------------+---------+


Analysis completed Sat Oct  3 08:36:08 2026 
--------------------------------------------------------------------------------

Trace Settings:
-------------------------
Trace Settings 

Peak Memory Usage: 588 MB



